version 2
set updatemode "1"
set declined ""
"AthenianRuinsTesting_v01" guessed=1 ver=???? gamedir= file=maps/AthenianRuinsTesting_v01.bsp
"AthenianRuinsTesting_v03" guessed=1 ver=???? gamedir= file=maps/AthenianRuinsTesting_v03.bsp
"cavernCreep_v01" guessed=1 ver=???? gamedir= file=maps/cavernCreep_v01.bsp
"coilgun" guessed=1 ver=???? gamedir= file=sound/weapons/coilgun.wav
"conduitcastle_v02" guessed=1 ver=???? gamedir= file=maps/conduitcastle_v02.bsp
"conduitcastle_v03" guessed=1 ver=???? gamedir= file=maps/conduitcastle_v03.bsp
"InnerDungeon_v03" guessed=1 ver=???? gamedir= file=maps/InnerDungeon_v03.bsp
"PassagewayMap3_v01" guessed=1 ver=???? gamedir= file=maps/PassagewayMap3_v01.bsp
"Qwoke_v01" guessed=1 ver=???? gamedir= file=maps/Qwoke_v01.bsp
"SentinalOverhangV_03" guessed=1 ver=???? gamedir= file=maps/SentinalOverhangV_03.bsp
"spawn" guessed=1 ver=???? gamedir= file=progs/spawn.mdl
"Trapbox_v03" guessed=1 ver=???? gamedir= file=maps/Trapbox_v03.bsp
"vwplayer" guessed=1 ver=???? gamedir= file=progs/vwplayer.mdl
"v_coil" guessed=1 ver=???? gamedir= file=progs/v_coil.mdl
"w_axe" guessed=1 ver=???? gamedir= file=progs/w_axe.mdl
"w_coil" guessed=1 ver=???? gamedir= file=progs/w_coil.mdl
"w_light" guessed=1 ver=???? gamedir= file=progs/w_light.mdl
"w_nail" guessed=1 ver=???? gamedir= file=progs/w_nail.mdl
"w_nail2" guessed=1 ver=???? gamedir= file=progs/w_nail2.mdl
"w_rock" guessed=1 ver=???? gamedir= file=progs/w_rock.mdl
"w_rock2" guessed=1 ver=???? gamedir= file=progs/w_rock2.mdl
"w_shot" guessed=1 ver=???? gamedir= file=progs/w_shot.mdl
"w_shot2" guessed=1 ver=???? gamedir= file=progs/w_shot2.mdl
